[
    {
        "name": "\u00daj\u00e9v",
        "date": "2024-01-01"
    },
    {
        "name": "1848-as forradalom \u00e9vfordul\u00f3ja",
        "date": "2024-03-15"
    },
    {
        "name": "Nagyp\u00e9ntek",
        "date": "2024-03-28"
    },
    {
        "name": "H\u00fasv\u00e9th\u00e9tf\u0151",
        "date": "2024-03-31"
    },
    {
        "name": "A munka \u00fcnnepe",
        "date": "2024-05-01"
    },
    {
        "name": "P\u00fcnk\u00f6sdh\u00e9tf\u0151",
        "date": "2024-05-19"
    },
    {
        "name": "\u00c1llamalap\u00edt\u00e1s \u00fcnnepe",
        "date": "2024-08-20"
    },
    {
        "name": "1956-os forradalom \u00e9vfordul\u00f3ja",
        "date": "2024-10-23"
    },
    {
        "name": "Mindenszentek",
        "date": "2024-11-01"
    },
    {
        "name": "Kar\u00e1csony",
        "date": "2024-12-25"
    },
    {
        "name": "Kar\u00e1csony m\u00e1snapja",
        "date": "2024-12-26"
    }
]