[
    {
        "name": "Neujahr",
        "date": "2024-01-01"
    },
    {
        "name": "Heilige Drei K\u00f6nige",
        "date": "2024-01-06"
    },
    {
        "name": "Ostermontag",
        "date": "2024-03-31"
    },
    {
        "name": "Staatsfeiertag",
        "date": "2024-05-01"
    },
    {
        "name": "Christi Himmelfahrt",
        "date": "2024-05-08"
    },
    {
        "name": "Pfingstmontag",
        "date": "2024-05-19"
    },
    {
        "name": "Fronleichnam",
        "date": "2024-05-29"
    },
    {
        "name": "Mari\u00e4 Himmelfahrt",
        "date": "2024-08-15"
    },
    {
        "name": "Nationalfeiertag",
        "date": "2024-10-26"
    },
    {
        "name": "Allerheiligen",
        "date": "2024-11-01"
    },
    {
        "name": "Mari\u00e4 Empf\u00e4ngnis",
        "date": "2024-12-08"
    },
    {
        "name": "Christtag",
        "date": "2024-12-25"
    },
    {
        "name": "Stefanitag",
        "date": "2024-12-26"
    }
]